Godot Engine v4.7.dev5.mono.official.a8643700c - https://godotengine.org

FoveaRenderer created
[   0% ] [90m[1mfirst_scan_filesystem[22m | Started Initialisation du projet (5 steps)[39m[0m
[   0% ] [90m[1mfirst_scan_filesystem[22m | Analyse de la structure des fichiers…[39m[0m
[  16% ] [90m[1mfirst_scan_filesystem[22m | Chargement des noms des classes globales…[39m[0m
[  33% ] [90m[1mfirst_scan_filesystem[22m | Vérification des GDExtensions…[39m[0m
[  50% ] [90m[1mfirst_scan_filesystem[22m | Création des scripts de chargement automatique…[39m[0m
[  66% ] [90m[1mfirst_scan_filesystem[22m | Initialisation des extensions…[39m[0m
FoveaCore GDExtension loaded (native renderer)
FoveaCore plugin loaded — Eye-tracking, Physics, Neural, PLY Loader, Clay Deformer (Sprint 4)
FloatersDetector: Initialisé
FoveaManager: User settings saved to C:/Users/redga/AppData/Roaming/Godot/app_userdata/FoveaEngine/fovea_engine_user_settings.cfg
FoveaManager: User settings saved to C:/Users/redga/AppData/Roaming/Godot/app_userdata/FoveaEngine/fovea_engine_user_settings.cfg
FoveaManager: User settings saved to C:/Users/redga/AppData/Roaming/Godot/app_userdata/FoveaEngine/fovea_engine_user_settings.cfg
FoveaManager: User settings saved to C:/Users/redga/AppData/Roaming/Godot/app_userdata/FoveaEngine/fovea_engine_user_settings.cfg
FoveaManager: User settings saved to C:/Users/redga/AppData/Roaming/Godot/app_userdata/FoveaEngine/fovea_engine_user_settings.cfg
FoveaManager: User settings saved to C:/Users/redga/AppData/Roaming/Godot/app_userdata/FoveaEngine/fovea_engine_user_settings.cfg
FoveaManager: User settings loaded from C:/Users/redga/AppData/Roaming/Godot/app_userdata/FoveaEngine/fovea_engine_user_settings.cfg
FoveaManager: User settings saved to C:/Users/redga/AppData/Roaming/Godot/app_userdata/FoveaEngine/fovea_engine_user_settings.cfg
FoveaManager: User settings saved to C:/Users/redga/AppData/Roaming/Godot/app_userdata/FoveaEngine/fovea_engine_user_settings.cfg
FoveaManager: FFmpeg OK - ffmpeg version n8.0-19-gdd00a614e1-20251011 Copyright (c) 2000-2025 the FFmpeg developers
FoveaManager: COLMAP OK
[  83% ] [90m[1mfirst_scan_filesystem[22m | Démarrage du scan de fichiers…[39m[0m
[92m[ DONE ][39m [1mfirst_scan_filesystem[22m
[0m
[   0% ] [90m[1m_update_scan_actions[22m | Started Analyse des actions… (2 steps)[39m[0m
[   0% ] [90m[1m_update_scan_actions[22m | fovea_renderer.obj[39m[0m
[  33% ] [90m[1m_update_scan_actions[22m | register_types.obj[39m[0m
[92m[ DONE ][39m [1m_update_scan_actions[22m
[0m
[   0% ] [90m[1mloading_editor_layout[22m | Started Chargement de l’éditeur (5 steps)[39m[0m
[   0% ] [90m[1mloading_editor_layout[22m | Chargement de la disposition de l’éditeur…[39m[0m
[  16% ] [90m[1mloading_editor_layout[22m | Chargement des docks…[39m[0m
[  33% ] [90m[1mloading_editor_layout[22m | Réouverture des scènes…[39m[0m
[  50% ] [90m[1mloading_editor_layout[22m | Chargement de la disposition de l’éditeur central…[39m[0m
[  66% ] [90m[1mloading_editor_layout[22m | Chargement de la disposition de la fenêtre des plugins…[39m[0m
[  83% ] [90m[1mloading_editor_layout[22m | Disposition de l’éditeur prête.[39m[0m
[92m[ DONE ][39m [1mloading_editor_layout[22m
[0m
FoveaCore unloaded
